Arthur
University
Acta
Acta
In
ATP
Enzymatic
Enzyme
Escheriehia
Edsall
